// Vitest Snapshot v1, https://vitest.dev/guide/snapshot.html

exports[`knowledgeTree 数据完整性 > 快照：节点顺序不可被意外调整 1`] = `
[
  "know-set-venn",
  "know-logic-conditions",
  "know-logic-quantifiers",
  "know-ineq-basic",
  "know-ineq-absolute",
  "know-func-domain-range",
  "know-func-properties",
  "know-func-symmetry",
  "know-quadratic",
  "know-func-explog",
  "know-func-logarithmic",
  "know-power-function",
  "know-func-hook",
  "know-nike-amgm",
  "know-nike-shifted",
  "know-func-zero",
  "know-func-transform",
  "know-func-composite",
  "know-derivative-tangent",
  "know-derivative-compare",
  "know-derivative-constant",
  "know-constant-double",
  "know-derivative-transcendental",
  "know-derivative-shift",
  "know-derivative-inflection",
  "know-derivative-endpoint",
  "know-trig-lines",
  "know-trig-identity",
  "know-trig-formulas",
  "know-trig-transform",
  "know-trig-tan",
  "know-triangle-solve",
  "know-triangle-extrema",
  "know-vector-linear",
  "know-vector-dot-product",
  "know-vector-basis",
  "know-complex-geometry",
  "know-sequence-geom",
  "know-sequence-geometric",
  "know-sequence-sum",
  "know-sequence-recurrence",
  "know-solid-rotation-body",
  "know-solid-position",
  "know-solid-surface-relation",
  "know-solid-section",
  "know-vector3d-basis",
  "know-solid-angle",
  "know-solid-distance",
  "know-solid-ball",
  "know-solid-ball-models",
  "know-line-equation",
  "know-line-circle",
  "know-conic-definition",
  "know-conic-properties",
  "know-conic-parabola",
  "know-conic-line",
  "know-conic-parametric",
  "know-conic-param-t",
  "know-conic-polarization",
  "know-conic-homogenization",
  "know-probability-counting",
  "know-probability-bayes",
  "know-probability-distribution",
  "know-probability-normal",
  "know-stat-percentile",
  "know-probability-regression",
  "know-paired-independence",
  "know-probability-markov",
]
`;
